BL51 BANKED LINKER/LOCATER V6.22.2.0                                                    07/04/2021  23:34:04  PAGE 1


BL51 BANKED LINKER/LOCATER V6.22.2.0, INVOKED BY:
C:\KEIL_V5\C51\BIN\BL51.EXE .\Objects\test.obj TO .\Objects\test PRINT (.\Listings\test.m51) RAMSIZE (256)


MEMORY MODEL: SMALL


INPUT MODULES INCLUDED:
  .\Objects\test.obj (TEST)
  C:\KEIL_V5\C51\LIB\C51S.LIB (?C_STARTUP)
  C:\KEIL_V5\C51\LIB\C51S.LIB (?C_INIT)


LINK MAP OF MODULE:  .\Objects\test (TEST)


            TYPE    BASE      LENGTH    RELOCATION   SEGMENT NAME
            -----------------------------------------------------

            * * * * * * *   D A T A   M E M O R Y   * * * * * * *
            REG     0000H     0008H     ABSOLUTE     "REG BANK 0"
            DATA    0008H     0023H     UNIT         ?DT?TEST
            DATA    002BH     0022H     UNIT         _DATA_GROUP_
            IDATA   004DH     0001H     UNIT         ?STACK

            * * * * * * *   C O D E   M E M O R Y   * * * * * * *
            CODE    0000H     0003H     ABSOLUTE     
            CODE    0003H     0543H     UNIT         ?PR?SWITCH_S4?TEST
            CODE    0546H     01DDH     UNIT         ?PR?SWITCH_S3?TEST
            CODE    0723H     0160H     UNIT         ?PR?SWITCH_S1?TEST
            CODE    0883H     008CH     UNIT         ?C_C51STARTUP
            CODE    090FH     004DH     UNIT         ?PR?MAIN?TEST
            CODE    095CH     004CH     UNIT         ?PR?SWITCH_S2?TEST
            CODE    09A8H     002AH     UNIT         ?C_INITSEG
            CODE    09D2H     0027H     UNIT         ?PR?_DELAYMS?TEST
            CODE    09F9H     0012H     UNIT         ?PR?_DELAY?TEST



OVERLAY MAP OF MODULE:   .\Objects\test (TEST)


SEGMENT                          DATA_GROUP 
  +--> CALLED SEGMENT          START    LENGTH
----------------------------------------------
?C_C51STARTUP                  -----    -----
  +--> ?PR?MAIN?TEST
  +--> ?C_INITSEG

?PR?MAIN?TEST                  -----    -----
  +--> ?PR?_DELAYMS?TEST
  +--> ?PR?SWITCH_S2?TEST
  +--> ?PR?SWITCH_S3?TEST
  +--> ?PR?SWITCH_S1?TEST
  +--> ?PR?SWITCH_S4?TEST

?PR?SWITCH_S2?TEST             -----    -----
  +--> ?PR?_DELAY?TEST
BL51 BANKED LINKER/LOCATER V6.22.2.0                                                  07/04/2021  23:34:04  PAGE 2



?PR?SWITCH_S3?TEST             002BH    0010H
  +--> ?PR?_DELAY?TEST

?PR?SWITCH_S1?TEST             002BH    0002H
  +--> ?PR?_DELAYMS?TEST

?PR?SWITCH_S4?TEST             002BH    0022H
  +--> ?PR?_DELAY?TEST



SYMBOL TABLE OF MODULE:  .\Objects\test (TEST)

  VALUE           TYPE          NAME
  ----------------------------------

  -------         MODULE        TEST
  C:0000H         SYMBOL        _ICE_DUMMY_
  D:0080H         PUBLIC        P0
  D:0090H         PUBLIC        P1
  D:00A0H         PUBLIC        P2
  D:00B0H         PUBLIC        P3
  D:00A8H         PUBLIC        IE
  C:0A00H         PUBLIC        _delay
  D:00B8H         PUBLIC        IP
  D:0008H         PUBLIC        Mybirthday
  C:090FH         PUBLIC        main
  D:0098H         PUBLIC        SCON
  D:0010H         PUBLIC        STID
  D:0088H         PUBLIC        TCON
  D:0021H         PUBLIC        tab
  B:00B0H.7       PUBLIC        S_c1
  B:00B0H.6       PUBLIC        S_c2
  B:00B0H.5       PUBLIC        S_c3
  B:00B0H.4       PUBLIC        S_c4
  B:00B0H.1       PUBLIC        S_r2
  C:0723H         PUBLIC        Switch_S1
  C:095CH         PUBLIC        Switch_S2
  C:0546H         PUBLIC        Switch_S3
  C:0003H         PUBLIC        Switch_S4
  D:00C8H         PUBLIC        T2CON
  C:09DAH         PUBLIC        _delayms
  D:00D0H         PUBLIC        PSW
  -------         PROC          MAIN
  C:090FH         LINE#         24
  C:090FH         LINE#         25
  C:090FH         LINE#         26
  C:0911H         LINE#         27
  C:0911H         LINE#         28
  C:0911H         LINE#         29
  C:0914H         LINE#         30
  C:0914H         LINE#         31
  C:091BH         LINE#         32
  C:091EH         LINE#         33
  C:091EH         LINE#         34
  C:091EH         LINE#         35
BL51 BANKED LINKER/LOCATER V6.22.2.0                                                  07/04/2021  23:34:04  PAGE 3


  C:0923H         LINE#         36
  C:0923H         LINE#         37
  C:0923H         LINE#         38
  C:0926H         LINE#         39
  C:0926H         LINE#         40
  C:092DH         LINE#         41
  C:0930H         LINE#         42
  C:0930H         LINE#         43
  C:0930H         LINE#         44
  C:0935H         LINE#         45
  C:0935H         LINE#         46
  C:0935H         LINE#         47
  C:0938H         LINE#         48
  C:0938H         LINE#         49
  C:093FH         LINE#         50
  C:0942H         LINE#         51
  C:0942H         LINE#         52
  C:0945H         LINE#         53
  C:0945H         LINE#         54
  C:0948H         LINE#         55
  C:094AH         LINE#         56
  C:094AH         LINE#         57
  C:094AH         LINE#         58
  C:094DH         LINE#         59
  C:094DH         LINE#         60
  C:0954H         LINE#         61
  C:0957H         LINE#         62
  C:0957H         LINE#         63
  C:0957H         LINE#         64
  -------         ENDPROC       MAIN
  -------         PROC          SWITCH_S1
  -------         DO            
  D:002BH         SYMBOL        a
  D:002CH         SYMBOL        LED
  -------         ENDDO         
  C:0723H         LINE#         70
  C:0723H         LINE#         71
  C:0723H         LINE#         75
  C:0731H         LINE#         76
  C:0731H         LINE#         77
  C:073FH         LINE#         78
  C:073FH         LINE#         79
  C:074FH         LINE#         80
  C:0751H         LINE#         81
  C:0754H         LINE#         82
  C:0758H         LINE#         83
  C:0766H         LINE#         84
  C:0766H         LINE#         85
  C:0776H         LINE#         86
  C:0778H         LINE#         87
  C:077BH         LINE#         88
  C:077FH         LINE#         89
  C:0783H         LINE#         91
  C:0791H         LINE#         92
  C:0791H         LINE#         93
  C:079FH         LINE#         94
  C:079FH         LINE#         95
BL51 BANKED LINKER/LOCATER V6.22.2.0                                                  07/04/2021  23:34:04  PAGE 4


  C:07ADH         LINE#         96
  C:07B0H         LINE#         97
  C:07B4H         LINE#         98
  C:07C2H         LINE#         99
  C:07C2H         LINE#         100
  C:07D0H         LINE#         101
  C:07D3H         LINE#         102
  C:07D7H         LINE#         103
  C:07DBH         LINE#         104
  C:07E9H         LINE#         105
  C:07E9H         LINE#         106
  C:07F7H         LINE#         107
  C:07F7H         LINE#         108
  C:0813H         LINE#         109
  C:0816H         LINE#         110
  C:081AH         LINE#         111
  C:081EH         LINE#         112
  C:082CH         LINE#         113
  C:082CH         LINE#         114
  C:083AH         LINE#         115
  C:083AH         LINE#         116
  C:0856H         LINE#         117
  C:0859H         LINE#         118
  C:085DH         LINE#         119
  C:0861H         LINE#         120
  C:086FH         LINE#         121
  C:086FH         LINE#         122
  C:0872H         LINE#         123
  C:0878H         LINE#         124
  C:087BH         LINE#         125
  C:087EH         LINE#         126
  C:0882H         LINE#         127
  -------         ENDPROC       SWITCH_S1
  -------         PROC          SWITCH_S2
  C:095CH         LINE#         129
  C:095CH         LINE#         130
  C:095CH         LINE#         131
  C:0962H         LINE#         132
  C:0965H         LINE#         133
  C:096BH         LINE#         134
  C:096EH         LINE#         135
  C:0974H         LINE#         136
  C:0977H         LINE#         137
  C:097DH         LINE#         138
  C:0980H         LINE#         139
  C:0986H         LINE#         140
  C:0989H         LINE#         141
  C:098FH         LINE#         142
  C:0992H         LINE#         143
  C:0998H         LINE#         144
  C:099BH         LINE#         145
  C:09A1H         LINE#         146
  -------         ENDPROC       SWITCH_S2
  -------         PROC          SWITCH_S3
  -------         DO            
  D:002BH         SYMBOL        a
  D:002DH         SYMBOL        b
BL51 BANKED LINKER/LOCATER V6.22.2.0                                                  07/04/2021  23:34:04  PAGE 5


  D:002FH         SYMBOL        c
  D:0031H         SYMBOL        d
  D:0033H         SYMBOL        e
  D:0035H         SYMBOL        f
  D:0037H         SYMBOL        g
  D:0039H         SYMBOL        h
  -------         ENDDO         
  C:0546H         LINE#         149
  C:0546H         LINE#         150
  C:0546H         LINE#         153
  C:054BH         LINE#         154
  C:054BH         LINE#         155
  C:054EH         LINE#         156
  C:0551H         LINE#         157
  C:0562H         LINE#         158
  C:0567H         LINE#         159
  C:0567H         LINE#         160
  C:056AH         LINE#         161
  C:056DH         LINE#         162
  C:0573H         LINE#         163
  C:0576H         LINE#         164
  C:0587H         LINE#         165
  C:058CH         LINE#         166
  C:058CH         LINE#         167
  C:058FH         LINE#         168
  C:0592H         LINE#         169
  C:0598H         LINE#         170
  C:059BH         LINE#         171
  C:05A1H         LINE#         172
  C:05A4H         LINE#         173
  C:05B5H         LINE#         174
  C:05BAH         LINE#         175
  C:05BAH         LINE#         176
  C:05BDH         LINE#         177
  C:05C0H         LINE#         178
  C:05C6H         LINE#         179
  C:05C9H         LINE#         180
  C:05CFH         LINE#         181
  C:05D2H         LINE#         182
  C:05D8H         LINE#         183
  C:05DBH         LINE#         184
  C:05ECH         LINE#         185
  C:05F1H         LINE#         186
  C:05F1H         LINE#         187
  C:05F4H         LINE#         188
  C:05F7H         LINE#         189
  C:05FDH         LINE#         190
  C:0600H         LINE#         191
  C:0606H         LINE#         192
  C:0609H         LINE#         193
  C:060FH         LINE#         194
  C:0612H         LINE#         195
  C:0618H         LINE#         196
  C:061BH         LINE#         197
  C:062CH         LINE#         198
  C:0631H         LINE#         199
  C:0631H         LINE#         200
BL51 BANKED LINKER/LOCATER V6.22.2.0                                                  07/04/2021  23:34:04  PAGE 6


  C:0634H         LINE#         201
  C:0637H         LINE#         202
  C:063DH         LINE#         203
  C:0640H         LINE#         204
  C:0646H         LINE#         205
  C:0649H         LINE#         206
  C:064FH         LINE#         207
  C:0652H         LINE#         208
  C:0658H         LINE#         209
  C:065BH         LINE#         210
  C:0661H         LINE#         211
  C:0664H         LINE#         212
  C:0675H         LINE#         213
  C:067AH         LINE#         214
  C:067AH         LINE#         215
  C:067DH         LINE#         216
  C:0680H         LINE#         217
  C:0686H         LINE#         218
  C:0689H         LINE#         219
  C:068FH         LINE#         220
  C:0692H         LINE#         221
  C:0698H         LINE#         222
  C:069BH         LINE#         223
  C:06A1H         LINE#         224
  C:06A4H         LINE#         225
  C:06AAH         LINE#         226
  C:06ADH         LINE#         227
  C:06B3H         LINE#         228
  C:06B6H         LINE#         229
  C:06C7H         LINE#         230
  C:06CCH         LINE#         231
  C:06CCH         LINE#         232
  C:06CFH         LINE#         233
  C:06D2H         LINE#         234
  C:06D8H         LINE#         235
  C:06DBH         LINE#         236
  C:06E1H         LINE#         237
  C:06E4H         LINE#         238
  C:06EAH         LINE#         239
  C:06EDH         LINE#         240
  C:06F3H         LINE#         241
  C:06F6H         LINE#         242
  C:06FCH         LINE#         243
  C:06FFH         LINE#         244
  C:0705H         LINE#         245
  C:0708H         LINE#         246
  C:070EH         LINE#         247
  C:0711H         LINE#         248
  C:0722H         LINE#         249
  -------         ENDPROC       SWITCH_S3
  -------         PROC          SWITCH_S4
  -------         DO            
  D:002BH         SYMBOL        a
  D:002DH         SYMBOL        b
  D:002FH         SYMBOL        c
  D:0031H         SYMBOL        d
  D:0033H         SYMBOL        e
BL51 BANKED LINKER/LOCATER V6.22.2.0                                                  07/04/2021  23:34:04  PAGE 7


  D:0035H         SYMBOL        f
  D:0037H         SYMBOL        g
  D:0039H         SYMBOL        h
  D:003BH         SYMBOL        i
  D:003DH         SYMBOL        j
  D:003FH         SYMBOL        k
  D:0041H         SYMBOL        l
  D:0043H         SYMBOL        m
  D:0045H         SYMBOL        n
  D:0047H         SYMBOL        o
  D:0049H         SYMBOL        p
  D:004BH         SYMBOL        q
  -------         ENDDO         
  C:0003H         LINE#         251
  C:0003H         LINE#         252
  C:0003H         LINE#         255
  C:0008H         LINE#         256
  C:0008H         LINE#         257
  C:000EH         LINE#         258
  C:0011H         LINE#         259
  C:0022H         LINE#         260
  C:0027H         LINE#         261
  C:0027H         LINE#         262
  C:002DH         LINE#         263
  C:0030H         LINE#         264
  C:0036H         LINE#         265
  C:0039H         LINE#         266
  C:004AH         LINE#         267
  C:004FH         LINE#         268
  C:004FH         LINE#         269
  C:0055H         LINE#         270
  C:0058H         LINE#         271
  C:005EH         LINE#         272
  C:0061H         LINE#         273
  C:0067H         LINE#         274
  C:006AH         LINE#         275
  C:007BH         LINE#         276
  C:0080H         LINE#         277
  C:0080H         LINE#         278
  C:0086H         LINE#         279
  C:0089H         LINE#         280
  C:008FH         LINE#         281
  C:0092H         LINE#         282
  C:0098H         LINE#         283
  C:009BH         LINE#         284
  C:00A1H         LINE#         285
  C:00A4H         LINE#         286
  C:00B5H         LINE#         287
  C:00BAH         LINE#         288
  C:00BAH         LINE#         289
  C:00C0H         LINE#         290
  C:00C3H         LINE#         291
  C:00C9H         LINE#         292
  C:00CCH         LINE#         293
  C:00D2H         LINE#         294
  C:00D5H         LINE#         295
  C:00DBH         LINE#         296
BL51 BANKED LINKER/LOCATER V6.22.2.0                                                  07/04/2021  23:34:04  PAGE 8


  C:00DEH         LINE#         297
  C:00E4H         LINE#         298
  C:00E7H         LINE#         299
  C:00F8H         LINE#         300
  C:00FDH         LINE#         301
  C:00FDH         LINE#         302
  C:0103H         LINE#         303
  C:0106H         LINE#         304
  C:010CH         LINE#         305
  C:010FH         LINE#         306
  C:0115H         LINE#         307
  C:0118H         LINE#         308
  C:011EH         LINE#         309
  C:0121H         LINE#         310
  C:0127H         LINE#         311
  C:012AH         LINE#         312
  C:0130H         LINE#         313
  C:0133H         LINE#         314
  C:0144H         LINE#         315
  C:0149H         LINE#         316
  C:0149H         LINE#         317
  C:014FH         LINE#         318
  C:0152H         LINE#         319
  C:0158H         LINE#         320
  C:015BH         LINE#         321
  C:0161H         LINE#         322
  C:0164H         LINE#         323
  C:016AH         LINE#         324
  C:016DH         LINE#         325
  C:0173H         LINE#         326
  C:0176H         LINE#         327
  C:017CH         LINE#         328
  C:017FH         LINE#         329
  C:0185H         LINE#         330
  C:0188H         LINE#         331
  C:0199H         LINE#         332
  C:019EH         LINE#         333
  C:019EH         LINE#         334
  C:01A4H         LINE#         335
  C:01A7H         LINE#         336
  C:01ADH         LINE#         337
  C:01B0H         LINE#         338
  C:01B6H         LINE#         339
  C:01B9H         LINE#         340
  C:01BFH         LINE#         341
  C:01C2H         LINE#         342
  C:01C8H         LINE#         343
  C:01CBH         LINE#         344
  C:01D1H         LINE#         345
  C:01D4H         LINE#         346
  C:01DAH         LINE#         347
  C:01DDH         LINE#         348
  C:01E3H         LINE#         349
  C:01E6H         LINE#         350
  C:01F7H         LINE#         351
  C:01FCH         LINE#         352
  C:01FCH         LINE#         353
BL51 BANKED LINKER/LOCATER V6.22.2.0                                                  07/04/2021  23:34:04  PAGE 9


  C:0202H         LINE#         354
  C:0205H         LINE#         355
  C:020BH         LINE#         356
  C:020EH         LINE#         357
  C:0214H         LINE#         358
  C:0217H         LINE#         359
  C:021DH         LINE#         360
  C:0220H         LINE#         361
  C:0226H         LINE#         362
  C:0229H         LINE#         363
  C:022FH         LINE#         364
  C:0232H         LINE#         365
  C:0238H         LINE#         366
  C:023BH         LINE#         367
  C:0241H         LINE#         368
  C:0244H         LINE#         369
  C:0255H         LINE#         370
  C:025AH         LINE#         371
  C:025AH         LINE#         372
  C:0260H         LINE#         373
  C:0263H         LINE#         374
  C:0269H         LINE#         375
  C:026CH         LINE#         376
  C:0272H         LINE#         377
  C:0275H         LINE#         378
  C:027BH         LINE#         379
  C:027EH         LINE#         380
  C:0284H         LINE#         381
  C:0287H         LINE#         382
  C:028DH         LINE#         383
  C:0290H         LINE#         384
  C:0296H         LINE#         385
  C:0299H         LINE#         386
  C:029FH         LINE#         387
  C:02A2H         LINE#         388
  C:02B3H         LINE#         389
  C:02B8H         LINE#         390
  C:02B8H         LINE#         391
  C:02BEH         LINE#         392
  C:02C1H         LINE#         393
  C:02C7H         LINE#         394
  C:02CAH         LINE#         395
  C:02D0H         LINE#         396
  C:02D3H         LINE#         397
  C:02D9H         LINE#         398
  C:02DCH         LINE#         399
  C:02E2H         LINE#         400
  C:02E5H         LINE#         401
  C:02EBH         LINE#         402
  C:02EEH         LINE#         403
  C:02F4H         LINE#         404
  C:02F7H         LINE#         405
  C:02FDH         LINE#         406
  C:0300H         LINE#         407
  C:0311H         LINE#         408
  C:0316H         LINE#         409
  C:0316H         LINE#         410
BL51 BANKED LINKER/LOCATER V6.22.2.0                                                  07/04/2021  23:34:04  PAGE 10


  C:031CH         LINE#         411
  C:031FH         LINE#         412
  C:0325H         LINE#         413
  C:0328H         LINE#         414
  C:032EH         LINE#         415
  C:0331H         LINE#         416
  C:0337H         LINE#         417
  C:033AH         LINE#         418
  C:0340H         LINE#         419
  C:0343H         LINE#         420
  C:0349H         LINE#         421
  C:034CH         LINE#         422
  C:0352H         LINE#         423
  C:0355H         LINE#         424
  C:035BH         LINE#         425
  C:035EH         LINE#         426
  C:036FH         LINE#         427
  C:0374H         LINE#         428
  C:0374H         LINE#         429
  C:037AH         LINE#         430
  C:037DH         LINE#         431
  C:0383H         LINE#         432
  C:0386H         LINE#         433
  C:038CH         LINE#         434
  C:038FH         LINE#         435
  C:0395H         LINE#         436
  C:0398H         LINE#         437
  C:039EH         LINE#         438
  C:03A1H         LINE#         439
  C:03A7H         LINE#         440
  C:03AAH         LINE#         441
  C:03B0H         LINE#         442
  C:03B3H         LINE#         443
  C:03B9H         LINE#         444
  C:03BCH         LINE#         445
  C:03CDH         LINE#         446
  C:03D2H         LINE#         447
  C:03D2H         LINE#         448
  C:03D8H         LINE#         449
  C:03DBH         LINE#         450
  C:03E1H         LINE#         451
  C:03E4H         LINE#         452
  C:03EAH         LINE#         453
  C:03EDH         LINE#         454
  C:03F3H         LINE#         455
  C:03F6H         LINE#         456
  C:03FCH         LINE#         457
  C:03FFH         LINE#         458
  C:0405H         LINE#         459
  C:0408H         LINE#         460
  C:040EH         LINE#         461
  C:0411H         LINE#         462
  C:0417H         LINE#         463
  C:041AH         LINE#         464
  C:042BH         LINE#         465
  C:0430H         LINE#         466
  C:0430H         LINE#         467
BL51 BANKED LINKER/LOCATER V6.22.2.0                                                  07/04/2021  23:34:04  PAGE 11


  C:0436H         LINE#         468
  C:0439H         LINE#         469
  C:043FH         LINE#         470
  C:0442H         LINE#         471
  C:0448H         LINE#         472
  C:044BH         LINE#         473
  C:0451H         LINE#         474
  C:0454H         LINE#         475
  C:045AH         LINE#         476
  C:045DH         LINE#         477
  C:0463H         LINE#         478
  C:0466H         LINE#         479
  C:046CH         LINE#         480
  C:046FH         LINE#         481
  C:0475H         LINE#         482
  C:0478H         LINE#         483
  C:0489H         LINE#         484
  C:048EH         LINE#         485
  C:048EH         LINE#         486
  C:0494H         LINE#         487
  C:0497H         LINE#         488
  C:049DH         LINE#         489
  C:04A0H         LINE#         490
  C:04A6H         LINE#         491
  C:04A9H         LINE#         492
  C:04AFH         LINE#         493
  C:04B2H         LINE#         494
  C:04B8H         LINE#         495
  C:04BBH         LINE#         496
  C:04C1H         LINE#         497
  C:04C4H         LINE#         498
  C:04CAH         LINE#         499
  C:04CDH         LINE#         500
  C:04D3H         LINE#         501
  C:04D6H         LINE#         502
  C:04E7H         LINE#         503
  C:04ECH         LINE#         504
  C:04ECH         LINE#         505
  C:04F2H         LINE#         506
  C:04F5H         LINE#         507
  C:04FBH         LINE#         508
  C:04FEH         LINE#         509
  C:0504H         LINE#         510
  C:0507H         LINE#         511
  C:050DH         LINE#         512
  C:0510H         LINE#         513
  C:0516H         LINE#         514
  C:0519H         LINE#         515
  C:051FH         LINE#         516
  C:0522H         LINE#         517
  C:0528H         LINE#         518
  C:052BH         LINE#         519
  C:0531H         LINE#         520
  C:0534H         LINE#         521
  C:0545H         LINE#         522
  -------         ENDPROC       SWITCH_S4
  C:09F9H         SYMBOL        L?0190
BL51 BANKED LINKER/LOCATER V6.22.2.0                                                  07/04/2021  23:34:04  PAGE 12


  C:09FCH         SYMBOL        L?0191
  -------         PROC          L?0189
  -------         ENDPROC       L?0189
  C:09F9H         SYMBOL        L?0190
  C:09FCH         SYMBOL        L?0191
  -------         PROC          _DELAY
  D:0006H         SYMBOL        a
  C:0A00H         LINE#         523
  C:0A00H         LINE#         524
  C:0A00H         LINE#         525
  C:0A0AH         LINE#         526
  -------         ENDPROC       _DELAY
  C:09D4H         SYMBOL        L?0193
  C:09D6H         SYMBOL        L?0194
  -------         PROC          L?0192
  -------         ENDPROC       L?0192
  C:09D4H         SYMBOL        L?0193
  C:09D6H         SYMBOL        L?0194
  -------         PROC          _DELAYMS
  D:0006H         SYMBOL        ms
  -------         DO            
  D:0004H         SYMBOL        a
  D:0002H         SYMBOL        b
  -------         ENDDO         
  C:09DAH         LINE#         527
  C:09DAH         LINE#         528
  C:09DAH         LINE#         530
  C:09E4H         LINE#         531
  C:09F8H         LINE#         532
  -------         ENDPROC       _DELAYMS
  -------         ENDMOD        TEST

Program Size: data=78.0 xdata=0 code=2571
LINK/LOCATE RUN COMPLETE.  0 WARNING(S),  0 ERROR(S)
